// Jest Snapshot v1, https://goo.gl/fbAQLP

exports[`Header should render the without crashing 1`] = `null`;
