// Jest Snapshot v1, https://goo.gl/fbAQLP

exports[`Menu should render the without crashing 1`] = `null`;
