// Jest Snapshot v1, https://goo.gl/fbAQLP

exports[`Icon Test renders correctly 1`] = `
<svg
  fill="red"
  height="24px"
  style={
    Object {
      "alignSelf": "center",
      "transform": null,
    }
  }
  version="1.1"
  viewBox="0 0 24 24"
  width="24px"
  xmlns="http://www.w3.org/2000/svg"
  xmlnsXlink="http://www.w3.org/1999/xlink"
>
  <g
    fillRule="evenodd"
    id="home"
    stroke="none"
    strokeWidth="1"
  >
    <path
      d="M21.6637292,10.2522 L12.6637292,2.25219995 C12.2847292,1.91619995 11.7147292,1.91619995 11.3357292,2.25219995 L9.99972917,3.44019996 L9.99972917,3.00019995 C9.99972917,2.44819995 9.55272917,2.00019995 8.99972916,2.00019995 L4.99972914,2.00019995 C4.44672914,2.00019995 3.99972914,2.44819995 3.99972914,3.00019995 L3.99972914,8.77319998 L2.33572913,10.2522 C1.92272913,10.6202 1.88572913,11.2512 2.25272913,11.6652 C2.61872913,12.0772 3.25072914,12.1122 3.66372914,11.7482 L3.99972914,11.4492 L3.99972914,21.0002 C3.99972914,21.5522 4.44672914,22.0002001 4.99972914,22.0002001 L18.9997292,22.0002001 C19.5527292,22.0002001 19.9997292,21.5522 19.9997292,21.0002 L19.9997292,11.4492 L20.3357292,11.7482 C20.5257292,11.9172 20.7637292,12.0002 20.9997292,12.0002 C21.2747292,12.0002 21.5497292,11.8872 21.7467292,11.6652 C22.1137293,11.2512 22.0767293,10.6202 21.6637292,10.2522 Z M17.9997292,20.0002 L15.9997292,20.0002 L15.9997292,15.0002 C15.9997292,14.4482 15.5527292,14.0002 14.9997292,14.0002 L8.99972916,14.0002 C8.44672916,14.0002 7.99972916,14.4482 7.99972916,15.0002 L7.99972916,20.0002 L5.99972915,20.0002 L5.99972915,9.67119999 L11.9997292,4.33819996 L17.9997292,9.67119999 L17.9997292,20.0002 Z M9.99972917,20.0002 L13.9997292,20.0002 L13.9997292,16.0002 L9.99972917,16.0002 L9.99972917,20.0002 Z M5.99972915,4.00019996 L7.99972916,4.00019996 L7.99972916,5.21819997 L5.99972915,6.99619997 L5.99972915,4.00019996 Z"
      id="Icon"
    />
  </g>
</svg>
`;
