// Jest Snapshot v1, https://goo.gl/fbAQLP

exports[`PageHeader should render the without crashing 1`] = `null`;
